
--- Server Startup ---
  PASS: outputs server-started JSON on startup
  PASS: writes .server-info file

--- HTTP Serving ---
  FAIL: serves waiting page when no screens exist
    Should show waiting message
  PASS: injects helper.js into waiting page
  PASS: returns Content-Type text/html
  PASS: serves full HTML documents as-is (not wrapped)
  PASS: wraps content fragments in frame template
  PASS: serves newest file by mtime
  PASS: ignores non-html files for serving
  PASS: returns 404 for non-root paths

--- WebSocket Communication ---
  PASS: accepts WebSocket upgrade on /
  PASS: relays user events to stdout with source field
  PASS: writes choice events to .events file
  PASS: does NOT write non-choice events to .events file
  PASS: handles multiple concurrent WebSocket clients
  PASS: cleans up closed clients from broadcast list
  PASS: handles malformed JSON from client gracefully

--- File Watching ---
  PASS: sends reload on new .html file
  PASS: sends reload on .html file change
  PASS: does NOT send reload for non-.html files
  PASS: clears .events on new screen
  PASS: logs screen-added on new file
  PASS: logs screen-updated on file change

--- Helper.js Verification ---
  PASS: helper.js defines required APIs

--- Frame Template Verification ---
  PASS: frame template has required structure

--- Results: 24 passed, 1 failed ---
